// Jest Snapshot v1, https://goo.gl/fbAQLP

exports[`accordion Should match snapshot 1`] = `
<div>
  <div
    data-testid="accordion"
  >
    <h2
      class="px-2.5"
      id="accordion-flush-heading-1"
    >
      <button
        aria-controls="accordion-flush-body-1"
        aria-expanded="true"
        class="flex items-center justify-between w-full py-5 font-medium rtl:text-right text-gray-500 border-b border-b-neutral-950 gap-3"
        data-testid="accordion-button"
        type="button"
      >
        <span
          class="text-slate-950 ml-3"
          data-testid="accordion-title"
        >
          Accordion Title
        </span>
        <img
          alt="Open accordion"
          class="transition ease-in-out w-3 h-3 -rotate-90 shrink-0 text-slate-950 mr-3"
          data-nimg="1"
          decoding="async"
          height="10"
          loading="lazy"
          src="/_next/image?url=%2Fimg.jpg&w=32&q=75"
          srcset="/_next/image?url=%2Fimg.jpg&w=16&q=75 1x, /_next/image?url=%2Fimg.jpg&w=32&q=75 2x"
          style="color: transparent;"
          width="16"
        />
      </button>
    </h2>
    <div
      aria-labelledby="accordion-flush-heading-1"
      class="hidden"
      data-testid="accordion-body"
      id="accordion-flush-body-1"
    >
      <div
        class="mt-6"
      >
        Accordion Children
      </div>
    </div>
  </div>
</div>
`;
